
> tmp-app@0.0.0 build
> vite build

[36mvite v7.3.1 [32mbuilding client environment for production...[36m[39m
transforming...
[32mÔ£ô[39m 4 modules transformed.
node.exe : 
[31mÔ£ù[39m Build 
failed in 187ms
En línea: 1 Carácter: 1
+ & "C:\100_PROGRAMAS_P
ORTABLE\node-v24.11.1-w
in-x64/node.exe" 
"C:\100_ ...
+ ~~~~~~~~~~~~~~~~~~~~~
~~~~~~~~~~~~~~~~~~~~~~~
~~~~~~~~~~~~~~~~~~~~~~~
~~
    + CategoryInfo     
         : NotSpecifi  
  ed: ([31mÔ£ù[39m   
  Build failed in 1    
87ms:String) [], R    
emoteException
    + FullyQualifiedEr 
   rorId : NativeComm  
  andError
 
[31merror during 
build:
[31m[vite:esbuild] 
Transform failed with 
1 error:
C:/99_CODIGOFUENTE/anti
gravity/tallerideas/tal
lerideas/src/App.jsx:51
6:15: ERROR: 
Unterminated regular 
expression[31m
file: [36mC:/99_CODIGO
FUENTE/antigravity/tall
erideas/tallerideas/src
/App.jsx:516:15[31m
[33m
[33mUnterminated 
regular expression[33m
514 |              
</form>
515 |          </div>
516 |          </div >
    |                 ^
517 |      );
518 |  
[31m
    at 
failureErrorWithLog (C:
\99_CODIGOFUENTE\antigr
avity\tallerideas\talle
rideas\node_modules\esb
uild\lib\main.js:1467:1
5)
    at C:\99_CODIGOFUEN
TE\antigravity\tallerid
eas\tallerideas\node_mo
dules\esbuild\lib\main.
js:736:50
    at responseCallback
s.<computed> (C:\99_COD
IGOFUENTE\antigravity\t
allerideas\tallerideas\
node_modules\esbuild\li
b\main.js:603:9)
    at 
handleIncomingPacket (C
:\99_CODIGOFUENTE\antig
ravity\tallerideas\tall
erideas\node_modules\es
build\lib\main.js:658:1
2)
    at 
Socket.readFromStdout (
C:\99_CODIGOFUENTE\anti
gravity\tallerideas\tal
lerideas\node_modules\e
sbuild\lib\main.js:581:
7)
    at Socket.emit 
(node:events:508:28)
    at addChunk (node:i
nternal/streams/readabl
e:559:12)
    at readableAddChunk
PushByteMode (node:inte
rnal/streams/readable:5
10:3)
    at Readable.push (n
ode:internal/streams/re
adable:390:5)
    at 
Pipe.onStreamRead (node
:internal/stream_base_c
ommons:189:23)[39m
